[quickdevs.com/demo/travi/index.html]
[backblue.gif]
[fade.gif]
[index.html]
[quickdevs.com/demo/travi/images/icons/favicon.png]
[quickdevs.com/demo/travi/js/modernizr-custom.js]
[quickdevs.com/demo/travi/index-2.html]
[quickdevs.com/demo/travi/images/logos/logo.png]
[quickdevs.com/demo/travi/about-us.html]
[quickdevs.com/demo/travi/tours.html]
[quickdevs.com/demo/travi/tour-description.html]
[quickdevs.com/demo/travi/gallery-grid.html]
[quickdevs.com/demo/travi/team.html]
[quickdevs.com/demo/travi/testimonials.html]
[quickdevs.com/demo/travi/faq.html]
[quickdevs.com/demo/travi/404-error-page.html]
[quickdevs.com/demo/travi/blog-grid.html]
[quickdevs.com/demo/travi/blog-left-sidebar.html]
[quickdevs.com/demo/travi/blog-right-sidebar.html]
[quickdevs.com/demo/travi/blog-single.html]
[quickdevs.com/demo/travi/contact.html]
[quickdevs.com/demo/travi/images/commons/hero-image.jpg]
[quickdevs.com/demo/travi/images/commons/slider-bg-4.jpg]
[quickdevs.com/demo/travi/images/commons/slider-bg-2.jpg]
[quickdevs.com/demo/travi/images/commons/slider-bg-3.jpg]
[quickdevs.com/demo/travi/images/icons/scuba-diving.png]
[quickdevs.com/demo/travi/images/icons/atv.png]
[quickdevs.com/demo/travi/images/icons/paragliding.png]
[quickdevs.com/demo/travi/images/icons/bicycle.png]
[quickdevs.com/demo/travi/images/commons/destination-1.jpg]
[quickdevs.com/demo/travi/images/commons/destination-2.jpg]
[quickdevs.com/demo/travi/images/commons/destination-3.jpg]
[quickdevs.com/demo/travi/images/commons/destination-4.jpg]
[quickdevs.com/demo/travi/images/commons/destination-5.jpg]
[quickdevs.com/demo/travi/images/commons/destination-6.jpg]
[quickdevs.com/demo/travi/images/commons/woman-avatar-4.jpg]
[quickdevs.com/demo/travi/images/commons/men-avatar-1.jpg]
[quickdevs.com/demo/travi/images/commons/woman-avatar-3.jpg]
[quickdevs.com/demo/travi/images/commons/men-avatar-2.jpg]
[quickdevs.com/demo/travi/images/commons/activities-1.jpg]
[quickdevs.com/demo/travi/images/commons/activities-2.jpg]
[quickdevs.com/demo/travi/images/commons/activities-4.jpg]
[quickdevs.com/demo/travi/images/commons/activities-5.jpg]
[quickdevs.com/demo/travi/images/commons/activities-3.jpg]
[quickdevs.com/demo/travi/images/commons/blogs-thumb-1.jpg]
[quickdevs.com/demo/travi/images/commons/blogs-thumb-2.jpg]
[quickdevs.com/demo/travi/images/commons/blogs-thumb-3.jpg]
[quickdevs.com/demo/travi/images/commons/blogs-thumb-4.jpg]
[quickdevs.com/demo/travi/js/lib/jquery-3.5.1.min.js]
[quickdevs.com/demo/travi/js/lib/bootstrap.min.js]
[quickdevs.com/demo/travi/js/lib/plugins.js]
[quickdevs.com/demo/travi/js/lib/nav.fixed.top.js]
[quickdevs.com/demo/travi/js/lib/contact.js]
[quickdevs.com/demo/travi/js/main.js]
[quickdevs.com/demo/travi/js/slider.js]
[quickdevs.com/demo/travi/index.html]
[quickdevs.com/demo/travi/fonts/webfonts/fa-brands-400.eot]
[quickdevs.com/demo/travi/fonts/webfonts/fa-brands-400.woff2]
[quickdevs.com/demo/travi/fonts/webfonts/fa-brands-400.woff]
[quickdevs.com/demo/travi/fonts/webfonts/fa-brands-400d41d.eot]
[quickdevs.com/demo/travi/fonts/webfonts/fa-brands-400.ttf]
[quickdevs.com/demo/travi/fonts/webfonts/fa-regular-400.eot]
[quickdevs.com/demo/travi/fonts/webfonts/fa-regular-400d41d.eot]
[quickdevs.com/demo/travi/fonts/webfonts/fa-regular-400.woff2]
[quickdevs.com/demo/travi/fonts/webfonts/fa-regular-400.woff]
[quickdevs.com/demo/travi/fonts/webfonts/fa-regular-400.ttf]
[quickdevs.com/demo/travi/fonts/webfonts/fa-solid-900.eot]
[quickdevs.com/demo/travi/fonts/webfonts/fa-solid-900d41d.eot]
[quickdevs.com/demo/travi/fonts/webfonts/fa-solid-900.woff2]
[quickdevs.com/demo/travi/fonts/webfonts/fa-solid-900.woff]
[quickdevs.com/demo/travi/fonts/webfonts/fa-solid-900.ttf]
[quickdevs.com/demo/travi/fonts/css/all.min.css]
[quickdevs.com/demo/travi/css/lib/bootstrap.min.css]
[quickdevs.com/demo/travi/css/lib/flickity.min.css]
[quickdevs.com/demo/travi/css/lib/magnific-popup.min.css]
[quickdevs.com/demo/travi/css/lib/owl.video.play.4e.delayed]
[quickdevs.com/demo/travi/css/lib/owl.carousel.min.css]
[quickdevs.com/demo/travi/css/lib/slick.min.css]
[quickdevs.com/demo/travi/css/lib/aos.min.css]
[quickdevs.com/demo/travi/css/navbar.css]
[quickdevs.com/demo/travi/img/master/play-button.png]
[quickdevs.com/demo/travi/images/icons/left-arrow.png]
[quickdevs.com/demo/travi/images/icons/next.png]
[quickdevs.com/demo/travi/css/main.css]
[quickdevs.com/demo/travi/images/commons/destination-8.jpg]
[quickdevs.com/demo/travi/images/commons/video-bg.jpg]
[quickdevs.com/demo/travi/images/commons/pages-bg.jpg]
[quickdevs.com/demo/travi/images/commons/activity-bg.jpg]
[quickdevs.com/demo/travi/images/commons/error-page-bg.jpg]
[quickdevs.com/demo/travi/images/commons/blog-bg.jpg]
[quickdevs.com/demo/travi/css/stylesheet.css]
[quickdevs.com/demo/travi/css/responsive.css]
[quickdevs.com/demo/travi/index-2.html]
[quickdevs.com/demo/travi/images/icons/premium-quality.png]
[quickdevs.com/demo/travi/images/icons/support.png]
[quickdevs.com/demo/travi/images/commons/travi-1.jpg]
[quickdevs.com/demo/travi/images/commons/team1.jpg]
[quickdevs.com/demo/travi/images/commons/team3.jpg]
[quickdevs.com/demo/travi/images/commons/team2.jpg]
[quickdevs.com/demo/travi/images/commons/team4.jpg]
[quickdevs.com/demo/travi/about-us.html]
[quickdevs.com/demo/travi/images/commons/activities-7.jpg]
[quickdevs.com/demo/travi/images/commons/activities-8.jpg]
[quickdevs.com/demo/travi/images/commons/activities-9.jpg]
[quickdevs.com/demo/travi/images/commons/activities-10.jpg]
[quickdevs.com/demo/travi/images/commons/activities-11.jpg]
[quickdevs.com/demo/travi/images/commons/activities-12.jpg]
[quickdevs.com/demo/travi/images/commons/activities-13.jpg]
[quickdevs.com/demo/travi/images/commons/activities-14.jpg]
[quickdevs.com/demo/travi/tours.html]
[quickdevs.com/demo/travi/images/commons/feature-thumb-0.jpg]
[quickdevs.com/demo/travi/images/commons/feature-thumb-1.jpg]
[quickdevs.com/demo/travi/images/commons/feature-thumb-2.jpg]
[quickdevs.com/demo/travi/images/commons/banner.jpg]
[quickdevs.com/demo/travi/images/commons/travi-4.jpg]
[quickdevs.com/demo/travi/images/commons/travi-5.jpg]
[quickdevs.com/demo/travi/images/commons/travi-6.jpg]
[quickdevs.com/demo/travi/images/commons/travi-7.jpg]
[quickdevs.com/demo/travi/images/commons/travi-8.jpg]
[quickdevs.com/demo/travi/tour-description.html]
[quickdevs.com/demo/travi/images/commons/travi-2.jpg]
[quickdevs.com/demo/travi/images/commons/travi-3.jpg]
[quickdevs.com/demo/travi/images/commons/travi-9.jpg]
[quickdevs.com/demo/travi/images/commons/travi-10.jpg]
[quickdevs.com/demo/travi/images/commons/travi-11.jpg]
[quickdevs.com/demo/travi/images/commons/travi-12.jpg]
[quickdevs.com/demo/travi/images/commons/travi-13.jpg]
[quickdevs.com/demo/travi/gallery-grid.html]
[quickdevs.com/demo/travi/images/commons/team5.jpg]
[quickdevs.com/demo/travi/images/commons/team6.jpg]
[quickdevs.com/demo/travi/team.html]
[quickdevs.com/demo/travi/images/commons/woman-avatar-5.jpg]
[quickdevs.com/demo/travi/images/commons/woman-avatar-6.jpg]
[quickdevs.com/demo/travi/testimonials.html]
[quickdevs.com/demo/travi/images/icons/phone.png]
[quickdevs.com/demo/travi/contact-us.html]
[quickdevs.com/demo/travi/images/icons/email.png]
[quickdevs.com/demo/travi/images/icons/clock.png]
[quickdevs.com/demo/travi/faq.html]
[quickdevs.com/demo/travi/404-error-page.html]
[quickdevs.com/demo/travi/images/commons/blogs-thumb-5.jpg]
[quickdevs.com/demo/travi/images/commons/blogs-thumb-6.jpg]
[quickdevs.com/demo/travi/images/commons/blogs-thumb-8.jpg]
[quickdevs.com/demo/travi/images/commons/blogs-thumb-7.jpg]
[quickdevs.com/demo/travi/blog-grid.html]
[quickdevs.com/demo/travi/images/commons/blog-prev-1.jpg]
[quickdevs.com/demo/travi/images/commons/blog-prev-2.jpg]
[quickdevs.com/demo/travi/images/commons/blog-prev-3.jpg]
[quickdevs.com/demo/travi/images/commons/blog-prev-4.jpg]
[quickdevs.com/demo/travi/blog-left-sidebar.html]
[quickdevs.com/demo/travi/blog-right-sidebar.html]
[quickdevs.com/demo/travi/images/commons/blog-prev-5.jpg]
[quickdevs.com/demo/travi/blog-single.html]
[quickdevs.com/demo/travi/images/icons/placeholder.png]
[quickdevs.com/demo/travi/images/icons/telephone.png]
[quickdevs.com/demo/travi/contact.html]
[quickdevs.com/demo/travi/fonts/webfonts/fa-brands-400.svg]
[quickdevs.com/demo/travi/fonts/webfonts/fa-regular-400.svg]
[quickdevs.com/demo/travi/fonts/webfonts/fa-solid-900.svg]
[quickdevs.com/demo/travi/css/lib/owl.video.play.html]
[quickdevs.com/demo/travi/css/lib/normalize.css]
[quickdevs.com/demo/travi/images/icons/cd-top-arrow.svg]
[quickdevs.com/demo/travi/img/master/play-button.html]
[quickdevs.com/demo/travi/contact-us.html]
